       PROGRAM 9

$ vi aparna.sh

LENOVO@DESKTOP-CT4TU6J MINGW64 ~/Desktop (master)
$ cat aparna.sh
#!/bin/bash
count=0
for i in *;do
        if test -x $i;then
                count='expr$count+1'
        fi
        done
        echo Total of $count files executable.


LENOVO@DESKTOP-CT4TU6J MINGW64 ~/Desktop (master)
$ ./aparna.sh
./aparna.sh: line 4: test: Docker: binary operator expected
./aparna.sh: line 4: test: Microsoft: binary operator expected
./aparna.sh: line 4: test: too many arguments
./aparna.sh: line 4: test: too many arguments
Total of expr$count+1 files executable.



       PROGRAM 10

$ vi usha.sh

LENOVO@DESKTOP-CT4TU6J MINGW64 ~/Desktop (master)
$ cat usha.sh
#!/bin/bash
i=1
sum=0
while [$i -le 100 ];do
        sum='expr$sum +$i'
        i='expr $i+1'
done
echo the sum is $sum.


LENOVO@DESKTOP-CT4TU6J MINGW64 ~/Desktop (master)
$ ./usha.sh
./usha.sh: line 4: [1: command not found
the sum is 0.
